/home/lry/conda/envs/pfllib/lib/python3.11/site-packages/torch/cuda/__init__.py:61: FutureWarning: The pynvml package is deprecated. Please install nvidia-ml-py instead. If you did not install pynvml directly, please report this to the maintainers of the package that installed pynvml for you.
  import pynvml  # type: ignore[import]
{"round": 1, "client": 0, "domain": "MNIST", "samples": 256, "ce": 2.2812139093875885, "dpa": 0.0, "cpcl": 0.0, "valid_dpa": 0, "valid_cpcl": 0, "dpa_feature_grad": 0.0, "cpcl_feature_grad": 0.0}
{"round": 1, "client": 1, "domain": "MNIST", "samples": 256, "ce": 2.273528605699539, "dpa": 0.0, "cpcl": 0.0, "valid_dpa": 0, "valid_cpcl": 0, "dpa_feature_grad": 0.0, "cpcl_feature_grad": 0.0}
{"round": 1, "client": 2, "domain": "MNIST", "samples": 256, "ce": 2.2933138608932495, "dpa": 0.0, "cpcl": 0.0, "valid_dpa": 0, "valid_cpcl": 0, "dpa_feature_grad": 0.0, "cpcl_feature_grad": 0.0}
{"round": 1, "client": 3, "domain": "USPS", "samples": 256, "ce": 2.156833067536354, "dpa": 0.0, "cpcl": 0.0, "valid_dpa": 0, "valid_cpcl": 0, "dpa_feature_grad": 0.0, "cpcl_feature_grad": 0.0}
{"round": 1, "client": 4, "domain": "USPS", "samples": 256, "ce": 2.212532877922058, "dpa": 0.0, "cpcl": 0.0, "valid_dpa": 0, "valid_cpcl": 0, "dpa_feature_grad": 0.0, "cpcl_feature_grad": 0.0}
{"round": 1, "client": 5, "domain": "USPS", "samples": 256, "ce": 2.184769481420517, "dpa": 0.0, "cpcl": 0.0, "valid_dpa": 0, "valid_cpcl": 0, "dpa_feature_grad": 0.0, "cpcl_feature_grad": 0.0}
{"round": 1, "client": 6, "domain": "SVHN", "samples": 256, "ce": 2.255696415901184, "dpa": 0.0, "cpcl": 0.0, "valid_dpa": 0, "valid_cpcl": 0, "dpa_feature_grad": 0.0, "cpcl_feature_grad": 0.0}
{"round": 1, "client": 7, "domain": "SVHN", "samples": 256, "ce": 2.3530335426330566, "dpa": 0.0, "cpcl": 0.0, "valid_dpa": 0, "valid_cpcl": 0, "dpa_feature_grad": 0.0, "cpcl_feature_grad": 0.0}
{"round": 1, "client": 8, "domain": "SVHN", "samples": 256, "ce": 2.3702074587345123, "dpa": 0.0, "cpcl": 0.0, "valid_dpa": 0, "valid_cpcl": 0, "dpa_feature_grad": 0.0, "cpcl_feature_grad": 0.0}
{"round": 1, "client": 9, "domain": "SYN", "samples": 256, "ce": 2.3324550688266754, "dpa": 0.0, "cpcl": 0.0, "valid_dpa": 0, "valid_cpcl": 0, "dpa_feature_grad": 0.0, "cpcl_feature_grad": 0.0}
{"round": 1, "client": 10, "domain": "SYN", "samples": 256, "ce": 2.388616770505905, "dpa": 0.0, "cpcl": 0.0, "valid_dpa": 0, "valid_cpcl": 0, "dpa_feature_grad": 0.0, "cpcl_feature_grad": 0.0}
{"round": 1, "client": 11, "domain": "SYN", "samples": 256, "ce": 2.3863023221492767, "dpa": 0.0, "cpcl": 0.0, "valid_dpa": 0, "valid_cpcl": 0, "dpa_feature_grad": 0.0, "cpcl_feature_grad": 0.0}
ROUND_COMPLETE {"round": 1, "accuracy": {"MNIST": 12.109375, "USPS": 12.890625, "SVHN": 17.7734375, "SYN": 11.9140625}, "avg": 13.671875, "prototypes": 40}
{"round": 2, "client": 0, "domain": "MNIST", "samples": 256, "ce": 2.193495035171509, "dpa": 0.37472955137491226, "cpcl": 2.2536549270153046, "valid_dpa": 256, "valid_cpcl": 256, "dpa_feature_grad": 0.010842601768672466, "cpcl_feature_grad": 0.02986464463174343}
{"round": 2, "client": 1, "domain": "MNIST", "samples": 256, "ce": 2.122607007622719, "dpa": 0.37539152801036835, "cpcl": 2.244217664003372, "valid_dpa": 256, "valid_cpcl": 256, "dpa_feature_grad": 0.010831338353455067, "cpcl_feature_grad": 0.02721630036830902}
{"round": 2, "client": 2, "domain": "MNIST", "samples": 256, "ce": 2.189109981060028, "dpa": 0.37388771399855614, "cpcl": 2.263109803199768, "valid_dpa": 256, "valid_cpcl": 256, "dpa_feature_grad": 0.010831811465322971, "cpcl_feature_grad": 0.025479182600975037}
{"round": 2, "client": 3, "domain": "USPS", "samples": 256, "ce": 1.9347900599241257, "dpa": 0.405804056674242, "cpcl": 2.2197857201099396, "valid_dpa": 256, "valid_cpcl": 256, "dpa_feature_grad": 0.010711663402616978, "cpcl_feature_grad": 0.028941623866558075}
{"round": 2, "client": 4, "domain": "USPS", "samples": 256, "ce": 2.076382428407669, "dpa": 0.40504052489995956, "cpcl": 2.2230385541915894, "valid_dpa": 256, "valid_cpcl": 256, "dpa_feature_grad": 0.010722452774643898, "cpcl_feature_grad": 0.024474475532770157}
{"round": 2, "client": 5, "domain": "USPS", "samples": 256, "ce": 1.9549665600061417, "dpa": 0.40718265250325203, "cpcl": 2.2435663640499115, "valid_dpa": 256, "valid_cpcl": 256, "dpa_feature_grad": 0.010710589587688446, "cpcl_feature_grad": 0.029239526018500328}
{"round": 2, "client": 6, "domain": "SVHN", "samples": 256, "ce": 2.2300103306770325, "dpa": 0.4249310605227947, "cpcl": 2.3030096292495728, "valid_dpa": 256, "valid_cpcl": 256, "dpa_feature_grad": 0.010639281943440437, "cpcl_feature_grad": 0.027608249336481094}
{"round": 2, "client": 7, "domain": "SVHN", "samples": 256, "ce": 2.29749858379364, "dpa": 0.43002698943018913, "cpcl": 2.3200251758098602, "valid_dpa": 256, "valid_cpcl": 256, "dpa_feature_grad": 0.010649796575307846, "cpcl_feature_grad": 0.027448661625385284}
{"round": 2, "client": 8, "domain": "SVHN", "samples": 256, "ce": 2.3984110355377197, "dpa": 0.42933351546525955, "cpcl": 2.3188391029834747, "valid_dpa": 256, "valid_cpcl": 256, "dpa_feature_grad": 0.010458570905029774, "cpcl_feature_grad": 0.027951475232839584}
{"round": 2, "client": 9, "domain": "SYN", "samples": 256, "ce": 2.346269428730011, "dpa": 0.41455647349357605, "cpcl": 2.3427816331386566, "valid_dpa": 256, "valid_cpcl": 256, "dpa_feature_grad": 0.010405393317341805, "cpcl_feature_grad": 0.028407618403434753}
{"round": 2, "client": 10, "domain": "SYN", "samples": 256, "ce": 2.377568870782852, "dpa": 0.41322652623057365, "cpcl": 2.3208001852035522, "valid_dpa": 256, "valid_cpcl": 256, "dpa_feature_grad": 0.01033028494566679, "cpcl_feature_grad": 0.027909470722079277}
{"round": 2, "client": 11, "domain": "SYN", "samples": 256, "ce": 2.392948865890503, "dpa": 0.4141933284699917, "cpcl": 2.3251766860485077, "valid_dpa": 256, "valid_cpcl": 256, "dpa_feature_grad": 0.010346668772399426, "cpcl_feature_grad": 0.0322919525206089}
ROUND_COMPLETE {"round": 2, "accuracy": {"MNIST": 12.109375, "USPS": 12.890625, "SVHN": 18.359375, "SYN": 11.1328125}, "avg": 13.623046875, "prototypes": 40}
SMOKE_PASS {"status": "completed", "revision": "8a7f078ec549f89948d384ff01bce25ff15bf3b4", "rounds": 2, "seed": 2, "domains": ["MNIST", "USPS", "SVHN", "SYN"], "best_avg": 13.671875, "last_avg": 13.623046875, "last5_mean": null, "elapsed_seconds": 30.144445906043984, "paper_result_reproduced": false, "peak_torch_gpu_bytes": 231144960, "second_round_nonzero_dpa_cpcl_gradients_all_clients": true, "diag": "/home/lry/code/feddap-exp155/experiments/sanity/EXP-156_feddap_raw_digits/diag_exp156_digits_s2_raw4_r2_e1_v1"}
