/home/lry/conda/envs/pfllib/lib/python3.11/site-packages/torch/cuda/__init__.py:61: FutureWarning: The pynvml package is deprecated. Please install nvidia-ml-py instead. If you did not install pynvml directly, please report this to the maintainers of the package that installed pynvml for you.
  import pynvml  # type: ignore[import]
/home/lry/conda/envs/pfllib/lib/python3.11/site-packages/numpy/lib/_npyio_impl.py:494: VisibleDeprecationWarning: dtype(): align should be passed as Python or NumPy boolean but got `align=0`. Did you mean to pass a tuple to create a subarray type? (Deprecated NumPy 2.4)
  return pickle.load(fid, **pickle_kwargs)
{"round": 1, "client": 0, "domain": "MNIST", "samples": 128, "ce": 2.2664918899536133, "dpa": 0.0, "cpcl": 0.0, "valid_dpa": 0, "valid_cpcl": 0, "dpa_feature_grad": 0.0, "cpcl_feature_grad": 0.0}
{"round": 1, "client": 1, "domain": "MNIST", "samples": 128, "ce": 2.305240035057068, "dpa": 0.0, "cpcl": 0.0, "valid_dpa": 0, "valid_cpcl": 0, "dpa_feature_grad": 0.0, "cpcl_feature_grad": 0.0}
{"round": 1, "client": 2, "domain": "MNIST", "samples": 128, "ce": 2.331616163253784, "dpa": 0.0, "cpcl": 0.0, "valid_dpa": 0, "valid_cpcl": 0, "dpa_feature_grad": 0.0, "cpcl_feature_grad": 0.0}
{"round": 1, "client": 3, "domain": "MNIST_M", "samples": 128, "ce": 2.3652918934822083, "dpa": 0.0, "cpcl": 0.0, "valid_dpa": 0, "valid_cpcl": 0, "dpa_feature_grad": 0.0, "cpcl_feature_grad": 0.0}
{"round": 1, "client": 4, "domain": "MNIST_M", "samples": 128, "ce": 2.3756285905838013, "dpa": 0.0, "cpcl": 0.0, "valid_dpa": 0, "valid_cpcl": 0, "dpa_feature_grad": 0.0, "cpcl_feature_grad": 0.0}
{"round": 1, "client": 5, "domain": "MNIST_M", "samples": 128, "ce": 2.3516205549240112, "dpa": 0.0, "cpcl": 0.0, "valid_dpa": 0, "valid_cpcl": 0, "dpa_feature_grad": 0.0, "cpcl_feature_grad": 0.0}
{"round": 1, "client": 6, "domain": "SVHN", "samples": 128, "ce": 2.2955684661865234, "dpa": 0.0, "cpcl": 0.0, "valid_dpa": 0, "valid_cpcl": 0, "dpa_feature_grad": 0.0, "cpcl_feature_grad": 0.0}
{"round": 1, "client": 7, "domain": "SVHN", "samples": 128, "ce": 2.2738260626792908, "dpa": 0.0, "cpcl": 0.0, "valid_dpa": 0, "valid_cpcl": 0, "dpa_feature_grad": 0.0, "cpcl_feature_grad": 0.0}
{"round": 1, "client": 8, "domain": "SVHN", "samples": 128, "ce": 2.280790865421295, "dpa": 0.0, "cpcl": 0.0, "valid_dpa": 0, "valid_cpcl": 0, "dpa_feature_grad": 0.0, "cpcl_feature_grad": 0.0}
ROUND_COMPLETE {"round": 1, "accuracy": {"MNIST": 8.59375, "MNIST_M": 7.8125, "SVHN": 19.53125}, "avg": 11.979166666666666, "prototypes": 30}
{"round": 2, "client": 0, "domain": "MNIST", "samples": 128, "ce": 2.1704317927360535, "dpa": 0.3785918056964874, "cpcl": 2.327591598033905, "valid_dpa": 128, "valid_cpcl": 128, "dpa_feature_grad": 0.010781139135360718, "cpcl_feature_grad": 0.03044070303440094}
{"round": 2, "client": 1, "domain": "MNIST", "samples": 128, "ce": 2.251418113708496, "dpa": 0.37816645950078964, "cpcl": 2.3282052278518677, "valid_dpa": 128, "valid_cpcl": 128, "dpa_feature_grad": 0.010776017792522907, "cpcl_feature_grad": 0.03138864412903786}
{"round": 2, "client": 2, "domain": "MNIST", "samples": 128, "ce": 2.252869486808777, "dpa": 0.3769345283508301, "cpcl": 2.3269088864326477, "valid_dpa": 128, "valid_cpcl": 128, "dpa_feature_grad": 0.010874094441533089, "cpcl_feature_grad": 0.02914956770837307}
{"round": 2, "client": 3, "domain": "MNIST_M", "samples": 128, "ce": 2.296493887901306, "dpa": 0.40852126479148865, "cpcl": 2.3713387846946716, "valid_dpa": 128, "valid_cpcl": 128, "dpa_feature_grad": 0.010626489296555519, "cpcl_feature_grad": 0.03341888263821602}
{"round": 2, "client": 4, "domain": "MNIST_M", "samples": 128, "ce": 2.266511619091034, "dpa": 0.4020282030105591, "cpcl": 2.3263129591941833, "valid_dpa": 128, "valid_cpcl": 128, "dpa_feature_grad": 0.010899610817432404, "cpcl_feature_grad": 0.036442678421735764}
{"round": 2, "client": 5, "domain": "MNIST_M", "samples": 128, "ce": 2.3060513734817505, "dpa": 0.4038506969809532, "cpcl": 2.3252674341201782, "valid_dpa": 128, "valid_cpcl": 128, "dpa_feature_grad": 0.010503166355192661, "cpcl_feature_grad": 0.032071713358163834}
{"round": 2, "client": 6, "domain": "SVHN", "samples": 128, "ce": 2.1992788910865784, "dpa": 0.42839861661195755, "cpcl": 2.382723391056061, "valid_dpa": 128, "valid_cpcl": 128, "dpa_feature_grad": 0.010682317428290844, "cpcl_feature_grad": 0.03205414488911629}
{"round": 2, "client": 7, "domain": "SVHN", "samples": 128, "ce": 2.2245901823043823, "dpa": 0.4321271851658821, "cpcl": 2.3777633905410767, "valid_dpa": 128, "valid_cpcl": 128, "dpa_feature_grad": 0.010705923661589622, "cpcl_feature_grad": 0.034657977521419525}
{"round": 2, "client": 8, "domain": "SVHN", "samples": 128, "ce": 2.258474886417389, "dpa": 0.42815548926591873, "cpcl": 2.3659926652908325, "valid_dpa": 128, "valid_cpcl": 128, "dpa_feature_grad": 0.010764257982373238, "cpcl_feature_grad": 0.03576560690999031}
ROUND_COMPLETE {"round": 2, "accuracy": {"MNIST": 8.59375, "MNIST_M": 10.15625, "SVHN": 17.1875}, "avg": 11.979166666666666, "prototypes": 30}
SMOKE_PASS {"status": "completed", "revision": "e761a05ded977b16a020b93e5cdf5b59b94013b1", "rounds": 2, "seed": 2, "domains": ["MNIST", "MNIST_M", "SVHN"], "best_avg": 11.979166666666666, "last_avg": 11.979166666666666, "last5_mean": null, "elapsed_seconds": 10.450126496027224, "paper_result_reproduced": false, "peak_torch_gpu_bytes": 231124480, "second_round_nonzero_dpa_cpcl_gradients_all_clients": true, "diag": "/home/lry/code/feddap-exp155/experiments/sanity/EXP-155_feddap_digits_smoke/diag_exp155_digits_s2_r2_e1_gpu1_v2"}
